
!function(){try{var e="undefined"!=typeof window?window:"undefined"!=typeof global?global:"undefined"!=typeof self?self:{},n=(new Error).stack;n&&(e._sentryDebugIds=e._sentryDebugIds||{},e._sentryDebugIds[n]="dd751360-5eae-531d-87f4-5e00c846a9a3")}catch(e){}}();
(()=>{function t(r,o){r(o)}function n(r,o){t(r,o)}function f(r,o){n(r,o)}f(function(o){throw new Error(o)},"boop");})();
//# sourceMappingURL=iife.js.map

//# debugId=dd751360-5eae-531d-87f4-5e00c846a9a3
